[    0.000000] Initializing cgroup ys cpuset
[    0.000000] Initializing cgroup subsys cpu
[    0.000000] Initializing cgroup subsys cpuacct
[    0.000000] Linux version 4.4.0-146-generic (buildd@lcy01-amd64-025) (gcc version 5.4.0 20160609 (Ubuntu 5.4.0-6ubuntu1~16.04.10) ) #172-Ubuntu SMP Wed Apr 3 09:00:08 UTC 2019 (Ubuntu 4.4.0-146.172-generic 4.4.177)
[    0.000000] Command line: BOOT_IMAGE=/boot/vmlinuz-4.4.0-146-generic root=LABEL=cloudimg-rootfs ro console=tty1 console=ttyS0
[    0.000000] KERNEL supported cpus:
[    0.000000]   Intel GenuineIntel
[    0.000000]   AMD AuthenticAMD
[    0.000000]   Centaur CentaurHauls
[    0.000000] x86/fpu: xstate_offset[2]:  576, xstate_sizes[2]:  256
[    0.000000] x86/fpu: Supporting XSAVE feature 0x01: 'x87 floating point registers'
[    0.000000] x86/fpu: Supporting XSAVE feature 0x02: 'SSE registers'
[    0.000000] x86/fpu: Supporting XSAVE feature 0x04: 'AVX registers'
[    0.000000] x86/fpu: Enabled xstate features 0x7, context size is 832 bytes, using 'standard' format.
[    0.000000] e820: BIOS-provided physical RAM map:
[    0.000000] BIOS-e820: [mem 0x0000000000000000-0x000000000009fbff] usable
[    0.000000] BIOS-e820: [mem 0x000000000009fc00-0x000000000009ffff] reserved
[    0.000000] BIOS-e820: [mem 0x00000000000f0000-0x00000000000fffff] reserved
[    0.000000] BIOS-e820: [mem 0x0000000000100000-0x000000003ffeffff] usable
[    0.000000] BIOS-e820: [mem 0x000000003fff0000-0x000000003fffffff] ACPI data
[    0.000000] BIOS-e820: [mem 0x00000000fec00000-0x00000000fec00fff] reserved
[    0.000000] BIOS-e820: [mem 0x00000000fee00000-0x00000000fee00fff] reserved
[    0.000000] BIOS-e820: [mem 0x00000000fffc0000-0x00000000ffffffff] reserved
[    0.000000] NX (Execute Disable) protection: active
[    0.000000] SMBIOS 2.5 present.
[    0.000000] Hypervisor detected: KVM
[    0.000000] e820: last_pfn = 0x3fff0 max_arch_pfn = 0x400000000
[    0.000000] MTRR: Disabled
[    0.000000] x86/PAT: MTRRs disabled, skipping PAT initialization too.
[    0.000000] CPU MTRRs all blank - virtualized system.
[    0.000000] x86/PAT: Configuration [0-7]: WB  WT  UC- UC  WB  WT  UC- UC  
[    0.000000] found SMP MP-table at [mem 0x0009fff0-0x0009ffff] mapped at [ffff88000009fff0]
[    0.000000] Scanning 1 areas for low memory corruption
[    0.000000] RAMDISK: [mem 0x362fa000-0x37174fff]
[    0.000000] ACPI: Early table checksum verification disabled
[    0.000000] ACPI: RSDP 0x00000000000E0000 000024 (v02 VBOX  )
[    0.000000] ACPI: XSDT 0x000000003FFF0030 00003C (v01 VBOX   VBOXXSDT 00000001 ASL  00000061)
[    0.000000] ACPI: FACP 0x000000003FFF00F0 0000F4 (v04 VBOX   VBOXFACP 00000001 ASL  00000061)
[    0.000000] ACPI: DSDT 0x000000003FFF0470 0022EA (v02 VBOX   VBOXBIOS 00000002 INTL 20100528)
[    0.000000] ACPI: FACS 0x000000003FFF0200 000040
[    0.000000] ACPI: FACS 0x000000003FFF0200 000040
[    0.000000] ACPI: APIC 0x000000003FFF0240 00005C (v02 VBOX   VBOXAPIC 00000001 ASL  00000061)
[    0.000000] ACPI: SSDT 0x000000003FFF02A0 0001CC (v01 VBOX   VBOXCPUT 00000002 INTL 20100528)
[    0.000000] No NUMA configuration found
[    0.000000] Faking a node at [mem 0x0000000000000000-0x000000003ffeffff]
[    0.000000] NODE_DATA(0) allocated [mem 0x3ffeb000-0x3ffeffff]
[    0.000000] kvm-clock: Using msrs 4b564d01 and 4b564d00
[    0.000000] kvm-clock: cpu 0, msr 0:3ffe3001, primary cpu clock
[    0.000000] kvm-clock: using sched offset of 3344049301 cycles
[    0.000000] clocksource: kvm-clock: mask: 0xffffffffffffffff max_cycles: 0x1cd42e4dffb, max_idle_ns: 881590591483 ns
[    0.000000] Zone ranges:
[    0.000000]   DMA      [mem 0x0000000000001000-0x0000000000ffffff]
[    0.000000]   DMA32    [mem 0x0000000001000000-0x000000003ffeffff]
[    0.000000]   Normal   empty
[    0.000000]   Device   empty
[    0.000000] Movable zone start for each node
[    0.000000] Early memory node ranges
[    0.000000]   node   0: [mem 0x0000000000001000-0x000000000009efff]
[    0.000000]   node   0: [mem 0x0000000000100000-0x000000003ffeffff]
[    0.000000] Initmem setup node 0 [mem 0x0000000000001000-0x000000003ffeffff]
[    0.000000] ACPI: PM-Timer IO Port: 0x4008
[    0.000000] IOAPIC[0]: apic_id 2, version 32, address 0xfec00000, GSI 0-23
[    0.000000] ACPI: INT_SRC_OVR (bus 0 bus_irq 0 global_irq 2 dfl dfl)
[    0.000000] ACPI: INT_SRC_OVR (bus 0 bus_irq 9 global_irq 9 low level)
[    0.000000] Using ACPI (MADT) for SMP configuration information
[    0.000000] smpboot: Allowing 2 CPUs, 0 hotplug CPUs
[    0.000000] PM: Registered nosave memory: [mem 0x00000000-0x00000fff]
[    0.000000] PM: Registered nosave memory: [mem 0x0009f000-0x0009ffff]
[    0.000000] PM: Registered nosave memory: [mem 0x000a0000-0x000effff]
[    0.000000] PM: Registered nosave memory: [mem 0x000f0000-0x000fffff]
[    0.000000] e820: [mem 0x40000000-0xfebfffff] available for PCI devices
[    0.000000] Booting paravirtualized kernel on KVM
[    0.000000] clocksource: refined-jiffies: mask: 0xffffffff max_cycles: 0xffffffff, max_idle_ns: 7645519600211568 ns
[    0.000000] setup_percpu: NR_CPUS:512 nr_cpumask_bits:512 nr_cpu_ids:2 nr_node_ids:1
[    0.000000] PERCPU: Embedded 34 pages/cpu @ffff88003fc00000 s99480 r8192 d31592 u1048576
[    0.000000] Built 1 zonelists in Node order, mobility grouping on.  Total pages: 257912
[    0.000000] Policy zone: DMA32
[    0.000000] Kernel command line: BOOT_IMAGE=/boot/vmlinuz-4.4.0-146-generic root=LABEL=cloudimg-rootfs ro console=tty1 console=ttyS0
[    0.000000] PID hash table entries: 4096 (order: 3, 32768 bytes)
[    0.000000] Memory: 997732K/1048120K available (8609K kernel code, 1334K rwdata, 4028K rodata, 1484K init, 1284K bss, 50388K reserved, 0K cma-reserved)
[    0.000000] SLUB: HWalign=64, Order=0-3, MinObjects=0, CPUs=2, Nodes=1
[    0.000000] Kernel/User page tables isolation: enabled
[    0.000000] Hierarchical RCU implementation.
[    0.000000] 	Build-time adjustment of leaf fanout to 64.
[    0.000000] 	RCU restricting CPUs from NR_CPUS=512 to nr_cpu_ids=2.
[    0.000000] RCU: Adjusting geometry for rcu_fanout_leaf=64, nr_cpu_ids=2
[    0.000000] NR_IRQS:33024 nr_irqs:440 16
[    0.000000] Console: colour VGA+ 80x25
[    0.000000] console [tty1] enabled
[    0.000000] console [ttyS0] enabled
[    0.000000] tsc: Detected 2793.532 MHz processor
[    0.213701] Calibrating delay loop (skipped) preset value.. 5587.06 BogoMIPS (lpj=11174128)
[    0.215432] pid_max: default: 32768 minimum: 301
[    0.216377] ACPI: Core revision 20150930
[    0.217914] ACPI: 2 ACPI AML tables successfully acquired and loaded
[    0.219321] Security Framework initialized
[    0.220205] Yama: becoming mindful.
[    0.221083] AppArmor: AppArmor initialized
[    0.222059] Dentry cache hash table entries: 131072 (order: 8, 1048576 bytes)
[    0.225423] Inode-cache hash table entries: 65536 (order: 7, 524288 bytes)
[    0.226802] Mount-cache hash table entries: 2048 (order: 2, 16384 bytes)
[    0.228081] Mountpoint-cache hash table entries: 2048 (order: 2, 16384 bytes)
[    0.229706] Initializing cgroup subsys io
[    0.230561] Initializing cgroup subsys memory
[    0.231433] Initializing cgroup subsys devices
[    0.232480] Initializing cgroup subsys freezer
[    0.233376] Initializing cgroup subsys net_cls
[    0.234318] Initializing cgroup subsys perf_event
[    0.235348] Initializing cgroup subsys net_prio
[    0.236334] Initializing cgroup subsys hugetlb
[    0.237387] Initializing cgroup subsys pids
[    0.239270] mce: CPU supports 0 MCE banks
[    0.240489] Last level iTLB entries: 4KB 1024, 2MB 1024, 4MB 1024
[    0.241795] Last level dTLB entries: 4KB 1024, 2MB 1024, 4MB 1024, 1GB 4
[    0.243922] Spectre V2 : Mitigation: Full generic retpoline
[    0.245163] Spectre V2 : Spectre v2 / SpectreRSB mitigation: Filling RSB on context switch
[    0.246831] Speculative Store Bypass: Vulnerable
[    0.250157] Freeing SMP alternatives memory: 36K
[    0.256907] ftrace: allocating 32287 entries in 127 pages
[    0.310653] smpboot: APIC(0) Converting physical 0 to logical package 0
[    0.311988] smpboot: Max logical packages: 1
[    0.313094] x2apic enabled
[    0.313964] Switched APIC routing to physical x2apic.
[    0.315872] ..TIMER: vector=0x30 apic1=0 pin1=2 apic2=-1 pin2=-1
[    0.425502] smpboot: CPU0: Intel(R) Core(TM) i7-4980HQ CPU @ 2.80GHz (family: 0x6, model: 0x46, stepping: 0x1)
[    0.427885] Performance Events: unsupported p6 CPU model 70 no PMU driver, software events only.
[    0.438808] KVM setup paravirtual spinlock
[    0.440598] x86: Booting SMP configuration:
[    0.441631] .... node  #0, CPUs:      #1
[    0.442627] kvm-clock: cpu 1, msr 0:3ffe3041, secondary cpu clock
[    0.444352] mce: CPU supports 0 MCE banks
[    0.447063] x86: Booted up 1 node, 2 CPUs
[    0.448204] smpboot: Total of 2 processors activated (11174.12 BogoMIPS)
[    0.450396] devtmpfs: initialized
[    0.452245] evm: security.selinux
[    0.453128] evm: security.SMACK64
[    0.453960] evm: security.SMACK64EXEC
[    0.454826] evm: security.SMACK64TRANSMUTE
[    0.455734] evm: security.SMACK64MMAP
[    0.456555] evm: security.ima
[    0.457375] evm: security.capability
[    0.458496] clocksource: jiffies: mask: 0xffffffff max_cycles: 0xffffffff, max_idle_ns: 7645041785100000 ns
[    0.460459] futex hash table entries: 512 (order: 3, 32768 bytes)
[    0.461755] pinctrl core: initialized pinctrl subsystem
[    0.463309] RTC time: 22:08:12, date: 07/09/19
[    0.464369] NET: Registered protocol family 16
[    0.477302] cpuidle: using governor ladder
[    0.489616] cpuidle: using governor menu
[    0.490837] PCCT header not found.
[    0.491995] ACPI: bus type PCI registered
[    0.493191] acpiphp: ACPI Hot Plug PCI Controller Driver version: 0.5
[    0.494975] PCI: Using configuration type 1 for base access
[    0.509830] ACPI: Added _OSI(Module Device)
[    0.511085] ACPI: Added _OSI(Processor Device)
[    0.512264] ACPI: Added _OSI(3.0 _SCP Extensions)
[    0.513512] ACPI: Added _OSI(Processor Aggregator Device)
[    0.515520] ACPI: Executed 1 blocks of module-level executable AML code
[    0.518703] ACPI: Interpreter enabled
[    0.519532] ACPI: (supports S0 S5)
[    0.520287] ACPI: Using IOAPIC for interrupt routing
[    0.521516] PCI: Using host bridge windows from ACPI; if necessary, use "pci=nocrs" and report a bug
[    0.527516] ACPI: PCI Root Bridge [PCI0] (domain 0000 [bus 00-ff])
[    0.528865] acpi PNP0A03:00: _OSC: OS supports [ASPM ClockPM Segments MSI]
[    0.530815] acpi PNP0A03:00: _OSC: not requesting OS control; OS requires [ExtendedConfig ASPM ClockPM MSI]
[    0.532971] acpi PNP0A03:00: fail to add MMCONFIG information, can't access extended PCI configuration space under this bridge.
[    0.535795] PCI host bridge to bus 0000:00
[    0.536733] pci_bus 0000:00: root bus resource [io  0x0000-0x0cf7 window]
[    0.538104] pci_bus 0000:00: root bus resource [io  0x0d00-0xffff window]
[    0.539680] pci_bus 0000:00: root bus resource [mem 0x000a0000-0x000bffff window]
[    0.541358] pci_bus 0000:00: root bus resource [mem 0x40000000-0xfdffffff window]
[    0.543488] pci_bus 0000:00: root bus resource [bus 00-ff]
[    0.547056] pci 0000:00:01.1: legacy IDE quirk: reg 0x10: [io  0x01f0-0x01f7]
[    0.548575] pci 0000:00:01.1: legacy IDE quirk: reg 0x14: [io  0x03f6]
[    0.549933] pci 0000:00:01.1: legacy IDE quirk: reg 0x18: [io  0x0170-0x0177]
[    0.551363] pci 0000:00:01.1: legacy IDE quirk: reg 0x1c: [io  0x0376]
[    0.565802] pci 0000:00:07.0: quirk: [io  0x4000-0x403f] claimed by PIIX4 ACPI
[    0.567390] pci 0000:00:07.0: quirk: [io  0x4100-0x410f] claimed by PIIX4 SMB
[    0.585763] ACPI: PCI Interrupt Link [LNKA] (IRQs 5 9 10 *11)
[    0.587363] ACPI: PCI Interrupt Link [LNKB] (IRQs 5 9 *10 11)
[    0.589010] ACPI: PCI Interrupt Link [LNKC] (IRQs 5 *9 10 11)
[    0.590732] ACPI: PCI Interrupt Link [LNKD] (IRQs 5 9 10 *11)
[    0.592315] ACPI: Enabled 2 GPEs in block 00 to 07
[    0.593674] vgaarb: setting as boot device: PCI:0000:00:02.0
[    0.594860] vgaarb: device added: PCI:0000:00:02.0,decodes=io+mem,owns=io+mem,locks=none
[    0.596611] vgaarb: loaded
[    0.597302] vgaarb: bridge control possible 0000:00:02.0
[    0.598652] SCSI subsystem initialized
[    0.599639] ACPI: bus type USB registered
[    0.601331] usbcore: registered new interface driver usbfs
[    0.602582] usbcore: registered new interface driver hub
[    0.603656] usbcore: registered new device driver usb
[    0.605076] PCI: Using ACPI for IRQ routing
[    0.606472] NetLabel: Initializing
[    0.607293] NetLabel:  domain hash size = 128
[    0.608413] NetLabel:  protocols = UNLABELED CIPSOv4
[    0.611585] NetLabel:  unlabeled traffic allowed by default
[    0.613059] amd_nb: Cannot enumerate AMD northbridges
[    0.614135] clocksource: Switched to clocksource kvm-clock
[    0.623418] AppArmor: AppArmor Filesystem Enabled
[    0.624484] pnp: PnP ACPI init
[    0.626157] pnp: PnP ACPI: found 3 devices
[    0.635442] clocksource: acpi_pm: mask: 0xffffff max_cycles: 0xffffff, max_idle_ns: 2085701024 ns
[    0.637357] NET: Registered protocol family 2
[    0.638420] TCP established hash table entries: 8192 (order: 4, 65536 bytes)
[    0.639853] TCP bind hash table entries: 8192 (order: 5, 131072 bytes)
[    0.641268] TCP: Hash tables configured (established 8192 bind 8192)
[    0.642613] UDP hash table entries: 512 (order: 2, 16384 bytes)
[    0.643755] UDP-Lite hash table entries: 512 (order: 2, 16384 bytes)
[    0.645022] NET: Registered protocol family 1
[    0.645954] pci 0000:00:00.0: Limiting direct PCI/PCI transfers
[    0.647150] pci 0000:00:01.0: Activating ISA DMA hang workarounds
[    0.648486] Unpacking initramfs...
[    0.856967] Freeing initrd memory: 14828K
[    0.857983] platform rtc_cmos: registered platform RTC device (no PNP device found)
[    0.860031] Scanning for low memory corruption every 60 seconds
[    0.861984] audit: initializing netlink subsys (disabled)
[    0.863709] audit: type=2000 audit(1562710097.224:1): initialized
[    0.865128] Initialise system trusted keyring
[    0.866256] HugeTLB registered 2 MB page size, pre-allocated 0 pages
[    0.868384] zbud: loaded
[    0.869279] VFS: Disk quotas dquot_6.6.0
[    0.870149] VFS: Dquot-cache hash table entries: 512 (order 0, 4096 bytes)
[    0.871735] squashfs: version 4.0 (2009/01/31) Phillip Lougher
[    0.873290] fuse init (API version 7.23)
[    0.874434] Key type big_key registered
[    0.875347] Allocating IMA MOK and blacklist keyrings.
[    0.877955] Key type asymmetric registered
[    0.878902] Asymmetric key parser 'x509' registered
[    0.879966] Block layer SCSI generic (bsg) driver version 0.4 loaded (major 249)
[    0.881544] io scheduler noop registered
[    0.882375] io scheduler deadline registered (default)
[    0.883491] io scheduler cfq registered
[    0.884381] pci_hotplug: PCI Hot Plug PCI Core version: 0.5
[    0.885482] pciehp: PCI Express Hot Plug Controller Driver version: 0.4
[    0.887107] ACPI: AC Adapter [AC] (on-line)
[    0.888032] input: Power Button as /devices/LNXSYSTM:00/LNXPWRBN:00/input/input0
[    0.889697] ACPI: Power Button [PWRF]
[    0.890684] input: Sleep Button as /devices/LNXSYSTM:00/LNXSLPBN:00/input/input1
[    0.892230] ACPI: Sleep Button [SLPF]
[    0.894177] ACPI: Battery Slot [BAT0] (battery present)
[    0.894229] GHES: HEST is not enabled!
[    0.896091] Serial: 8250/16550 driver, 32 ports, IRQ sharing enabled
[    0.917831] 00:02: ttyS0 at I/O 0x3f8 (irq = 4, base_baud = 115200) is a 16550A
[    0.923506] Linux agpgart interface v0.103
[    0.926642] loop: module loaded
[    0.929323] scsi host0: ata_piix
[    0.930903] scsi host1: ata_piix
[    0.932123] ata1: PATA max UDMA/33 cmd 0x1f0 ctl 0x3f6 bmdma 0xd000 irq 14
[    0.933781] ata2: PATA max UDMA/33 cmd 0x170 ctl 0x376 bmdma 0xd008 irq 15
[    0.935246] libphy: Fixed MDIO Bus: probed
[    0.936175] tun: Universal TUN/TAP device driver, 1.6
[    0.937196] tun: (C) 1999-2004 Max Krasnyansky <maxk@qualcomm.com>
[    0.938575] PPP generic driver version 2.4.2
[    0.939730] ehci_hcd: USB 2.0 'Enhanced' Host Controller (EHCI) Driver
[    0.940998] ehci-pci: EHCI PCI platform driver
[    0.941930] ehci-platform: EHCI generic platform driver
[    0.943009] ohci_hcd: USB 1.1 'Open' Host Controller (OHCI) Driver
[    0.944202] ohci-pci: OHCI PCI platform driver
[    0.945147] ohci-platform: OHCI generic platform driver
[    0.946195] uhci_hcd: USB Universal Host Controller Interface driver
[    0.947508] i8042: PNP: PS/2 Controller [PNP0303:PS2K,PNP0f03:PS2M] at 0x60,0x64 irq 1,12
[    0.949725] serio: i8042 KBD port at 0x60,0x64 irq 1
[    0.950778] serio: i8042 AUX port at 0x60,0x64 irq 12
[    0.952235] mousedev: PS/2 mouse device common for all mice
[    0.953755] input: AT Translated Set 2 keyboard as /devices/platform/i8042/serio0/input/input2
[    0.956137] rtc_cmos rtc_cmos: rtc core: registered rtc_cmos as rtc0
[    0.957462] rtc_cmos rtc_cmos: alarms up to one day, 114 bytes nvram
[    0.958775] i2c /dev entries driver
[    0.959588] device-mapper: uevent: version 1.0.3
[    0.960622] device-mapper: ioctl: 4.34.0-ioctl (2015-10-28) initialised: dm-devel@redhat.com
[    0.962354] ledtrig-cpu: registered to indicate activity on CPUs
[    0.964163] NET: Registered protocol family 10
[    0.965307] NET: Registered protocol family 17
[    0.966285] Key type dns_resolver registered
[    0.968021] registered taskstats version 1
[    0.968918] Loading compiled-in X.509 certificates
[    0.970461] Loaded X.509 cert 'Build time autogenerated kernel key: 4dcb2dc2c7cf43e0c20c44384f68683c20294489'
[    0.972573] zswap: loaded using pool lzo/zbud
[    0.975284] Key type trusted registered
[    0.979554] Key type encrypted registered
[    0.980463] AppArmor: AppArmor sha1 policy hashing enabled
[    0.981548] ima: No TPM chip found, activating TPM-bypass!
[    0.982677] ima: Allocated hash algorithm: sha1
[    0.983624] evm: HMAC attrs: 0x1
[    0.984781]   Magic number: 11:82:148
[    0.985673] rtc_cmos rtc_cmos: setting system clock to 2019-07-09 22:08:13 UTC (1562710093)
[    0.987549] BIOS EDD facility v0.16 2004-Jun-25, 0 devices found
[    0.988748] EDD information not available.
[    1.091594] Freeing unused kernel memory: 1484K
[    1.093066] Write protecting the kernel read-only data: 14336k
[    1.094885] Freeing unused kernel memory: 1620K
[    1.096181] Freeing unused kernel memory: 68K
Loading, please wait...
starting version 229
[    1.108620] random: systemd-udevd: uninitialized urandom read (16 bytes read, 2 bits of entropy available)
[    1.109217] random: udevadm: uninitialized urandom read (16 bytes read, 2 bits of entropy available)
[    1.109233] random: udevadm: uninitialized urandom read (16 bytes read, 2 bits of entropy available)
[    1.114644] random: systemd-udevd: uninitialized urandom read (16 bytes read, 2 bits of entropy available)
[    1.115268] random: udevadm: uninitialized urandom read (16 bytes read, 2 bits of entropy available)
[    1.115298] random: udevadm: uninitialized urandom read (16 bytes read, 2 bits of entropy available)
[    1.115393] random: udevadm: uninitialized urandom read (16 bytes read, 2 bits of entropy available)
[    1.115427] random: udevadm: uninitialized urandom read (16 bytes read, 2 bits of entropy available)
[    1.115462] random: udevadm: uninitialized urandom read (16 bytes read, 2 bits of entropy available)
[    1.115496] random: udevadm: uninitialized urandom read (16 bytes read, 2 bits of entropy available)
[    1.170984] Fusion MPT base driver 3.04.20
[    1.172132] Copyright (c) 1999-2008 LSI Corporation
[    1.181981] Fusion MPT SPI Host driver 3.04.20
[    1.183749] e1000: Intel(R) PRO/1000 Network Driver - version 7.3.21-k8-NAPI
[    1.185116] e1000: Copyright (c) 1999-2006 Intel Corporation.
[    1.197994] AVX2 version of gcm_enc/dec engaged.
[    1.199021] AES CTR mode by8 optimization enabled
[    1.200214] mptbase: ioc0: Initiating bringup
[    1.276163] ioc0: LSI53C1030 A0: Capabilities={Initiator}
[    1.616873] input: ImExPS/2 Generic Explorer Mouse as /devices/platform/i8042/serio1/input/input4
[    1.798551] scsi host2: ioc0: LSI53C1030 A0, FwRev=00000000h, Ports=1, MaxQ=256, IRQ=20
[    1.855903] tsc: Refined TSC clocksource calibration: 2794.690 MHz
[    1.857847] clocksource: tsc: mask: 0xffffffffffffffff max_cycles: 0x2848a8585e6, max_idle_ns: 440795243748 ns
[    2.121253] scsi 2:0:0:0: Direct-Access     VBOX     HARDDISK         1.0  PQ: 0 ANSI: 5
[    2.124050] scsi target2:0:0: Beginning Domain Validation
[    2.127810] scsi target2:0:0: Domain Validation skipping write tests
[    2.129285] scsi target2:0:0: Ending Domain Validation
[    2.130521] scsi target2:0:0: asynchronous
[    2.132215] scsi 2:0:1:0: Direct-Access     VBOX     HARDDISK         1.0  PQ: 0 ANSI: 5
[    2.133909] scsi target2:0:1: Beginning Domain Validation
[    2.137230] scsi target2:0:1: Domain Validation skipping write tests
[    2.138530] scsi target2:0:1: Ending Domain Validation
[    2.139799] scsi target2:0:1: asynchronous
[    2.146557] sd 2:0:0:0: Attached scsi generic sg0 type 0
[    2.147817] sd 2:0:0:0: [sda] 20971520 512-byte logical blocks: (10.7 GB/10.0 GiB)
[    2.149629] sd 2:0:1:0: Attached scsi generic sg1 type 0
[    2.150785] sd 2:0:1:0: [sdb] 20480 512-byte logical blocks: (10.5 MB/10.0 MiB)
[    2.161626] sd 2:0:0:0: [sda] Write Protect is off
[    2.163047] sd 2:0:1:0: [sdb] Write Protect is off
[    2.164096] sd 2:0:0:0: [sda] Incomplete mode parameter data
[    2.165406] sd 2:0:0:0: [sda] Assuming drive cache: write through
[    2.166956] sd 2:0:1:0: [sdb] Incomplete mode parameter data
[    2.168125] sd 2:0:1:0: [sdb] Assuming drive cache: write through
[    2.170357]  sda: sda1
[    2.172170] sd 2:0:0:0: [sda] Attached SCSI disk
[    2.174018] sd 2:0:1:0: [sdb] Attached SCSI disk
[    2.679519] e1000 0000:00:03.0 eth0: (PCI:33MHz:32-bit) 02:6d:cd:79:6e:19
[    2.681297] e1000 0000:00:03.0 eth0: Intel(R) PRO/1000 Network Connection
[    3.068962] e1000 0000:00:08.0 eth1: (PCI:33MHz:32-bit) 08:00:27:b7:95:cf
[    3.070316] e1000 0000:00:08.0 eth1: Intel(R) PRO/1000 Network Connection
[    3.072619] e1000 0000:00:03.0 enp0s3: renamed from eth0
[    3.083513] e1000 0000:00:08.0 enp0s8: renamed from eth1
Begin: Loading essential drivers ... [    4.370765] md: linear personality registered for level -1
[    4.376460] md: multipath personality registered for level -4
[    4.379400] md: raid0 personality registered for level 0
[    4.384270] md: raid1 personality registered for level 1
[    4.454373] raid6: sse2x1   gen() 10937 MB/s
[    4.522351] raid6: sse2x1   xor()  8921 MB/s
[    4.590648] raid6: sse2x2   gen() 13416 MB/s
[    4.658380] raid6: sse2x2   xor()  9496 MB/s
[    4.726153] raid6: sse2x4   gen() 16566 MB/s
[    4.794168] raid6: sse2x4   xor() 10889 MB/s
[    4.862312] raid6: avx2x1   gen() 21067 MB/s
[    4.930545] raid6: avx2x2   gen() 25227 MB/s
[    4.998151] raid6: avx2x4   gen() 26603 MB/s
[    4.999065] raid6: using algorithm avx2x4 gen() 26603 MB/s
[    5.000253] raid6: using avx2x2 recovery algorithm
[    5.002186] xor: automatically using best checksumming function:
[    5.042150]    avx       : 33985.000 MB/sec
[    5.044445] async_tx: api initialized (async)
[    5.054743] md: raid6 personality registered for level 6
[    5.055904] md: raid5 personality registered for level 5
[    5.056978] md: raid4 personality registered for level 4
[    5.064457] md: raid10 personality registered for level 10
done.
Begin: Running /scripts/init-premount ... done.
Begin: Mounting root file system ... Begin: Running /scripts/local-top ... done.
Begin: Running /scripts/local-premount ... [    5.089532] Btrfs loaded
Scanning for Btrfs filesystems
done.
Warning: fsck not present, so skipping root file system
[    5.110579] EXT4-fs (sda1): mounted filesystem with ordered data mode. Opts: (null)
done.
Begin: Running /scripts/local-bottom ... done.
Begin: Running /scripts/init-bottom ... done.
[    5.204093] systemd[1]: systemd 229 running in system mode. (+PAM +AUDIT +SELINUX +IMA +APPARMOR +SMACK +SYSVINIT +UTMP +LIBCRYPTSETUP +GCRYPT +GNUTLS +ACL +XZ -LZ4 +SECCOMP +BLKID +ELFUTILS +KMOD -IDN)
[    5.207757] systemd[1]: Detected virtualization oracle.
[    5.209144] systemd[1]: Detected architecture x86-64.

Welcome to [1mUbuntu 16.04.6 LTS[0m!

[    5.217674] systemd[1]: Set hostname to <ubuntu>.
[    5.226672] systemd[1]: Initializing machine ID from random generator.
[    5.228498] systemd[1]: Installed transient /etc/machine-id file.
[    5.346547] systemd[1]: Created slice User and Session Slice.
[[0;32m  OK  [0m] Created slice User and Session Slice.
[    5.348835] systemd[1]: Started Forward Password Requests to Wall Directory Watch.
[[0;32m  OK  [0m] Started Forward Password Requests to Wall Directory Watch.
[    5.351821] systemd[1]: Set up automount Arbitrary Executable File Formats File System Automount Point.
[[0;32m  OK  [0m] Set up automount Arbitrary Executab...ats File System Automount Point.
[    5.355492] systemd[1]: Listening on Device-mapper event daemon FIFOs.
[[0;32m  OK  [0m] Listening on Device-mapper event daemon FIFOs.
[    5.359660] systemd[1]: Created slice System Slice.
[[0;32m  OK  [0m] Created slice System Slice.
[    5.362425] systemd[1]: Created slice system-serial\x2dgetty.slice.
[[0;32m  OK  [0m] Created slice system-serial\x2dgetty.slice.
[    5.365356] systemd[1]: Reached target Slices.
[[0;32m  OK  [0m] Reached target Slices.
[    5.368248] systemd[1]: Reached target Swap.
[[0;32m  OK  [0m] Reached target Swap.
[    5.369816] systemd[1]: Listening on LVM2 metadata daemon socket.
[[0;32m  OK  [0m] Listening on LVM2 metadata daemon socket.
[    5.372113] systemd[1]: Reached target Encrypted Volumes.
[[0;32m  OK  [0m] Reached target Encrypted Volumes.
[    5.382507] systemd[1]: Listening on LVM2 poll daemon socket.
[[0;32m  OK  [0m] Listening on LVM2 poll daemon socket.
[    5.385013] systemd[1]: Reached target System Time Synchronized.
[[0;32m  OK  [0m] Reached target System Time Synchronized.
[    5.394645] systemd[1]: Listening on udev Control Socket.
[[0;32m  OK  [0m] Listening on udev Control Socket.
[    5.398160] systemd[1]: Listening on /dev/initctl Compatibility Named Pipe.
[[0;32m  OK  [0m] Listening on /dev/initctl Compatibility Named Pipe.
[    5.406387] systemd[1]: Listening on Journal Socket.
[[0;32m  OK  [0m] Listening on Journal Socket.
[    5.418325] systemd[1]: Starting Load Kernel Modules...
         Starting Load Kernel Modules...
[    5.426766] Loading iSCSI transport class v2.0-870.
[    5.427374] systemd[1]: Starting Set console keymap...
         Starting Set console keymap...
[    5.433065] systemd[1]: Mounting Huge Pages File System...
         Mounting Huge Pages File System...
[    5.436364] systemd[1]: Starting Monitoring of LVM2 mirrors, snapshots etc. using dmeventd or progress polling...
         Starting Monitoring of LVM2 mirrors... dmeventd or progress polling...
[    5.447113] iscsi: registered transport (tcp)
[    5.452476] systemd[1]: Starting Create list of required static device nodes for the current kernel...
         Starting Create list of required st... nodes for the current kernel...
[    5.456654] systemd[1]: Starting Uncomplicated firewall...
         Starting Uncomplicated firewall...
[    5.461197] systemd[1]: Starting Nameserver information manager...
         Starting Nameserver information manager...
[    5.465943] systemd[1]: Starting Remount Root and Kernel File Systems...
         Starting Remount Root and Kernel File Systems...
[    5.469341] systemd[1]: Listening on Syslog Socket.
[[0;32m  OK  [0m] Listening on Syslog Socket.
[    5.471097] EXT4-fs (sda1): re-mounted. Opts: (null)
[    5.471688] systemd[1]: Mounting POSIX Message Queue File System...
         Mounting POSIX Message Queue File System...
[    5.477926] systemd[1]: Reached target User and Group Name Lookups.
[[0;32m  OK  [0m] Reached target User and Group Name Lookups.
[    5.481069] systemd[1]: Listening on Journal Socket (/dev/log).
[[0;32m  OK  [0m] Listening on Journal Socket (/dev/log).
[    5.483333] systemd[1]: Listening on udev Kernel Socket.
[[0;32m  OK  [0m] Listening on udev Kernel Socket.
[    5.486043] systemd[1]: Listening on Journal Audit Socket.
[[0;32m  OK  [0m] Listening on Journal Audit Socket.
[    5.489677] systemd[1]: Starting Journal Service...
         Starting Journal Service...
[    5.494768] systemd[1]: Mounting Debug File System...
         Mounting Debug File System...
[    5.496582] systemd[1]: Started Trigger resolvconf update for networkd DNS.
[[0;32m  OK  [0m] Started Trigger resolvconf update for networkd DNS.
[    5.504948] systemd[1]: Mounted Debug File System.
[[0;32m  OK  [0m] Mounted Debug File System.
[    5.506745] systemd[1]: Mounted POSIX Message Queue File System.
[[0;32m  OK  [0m] Mounted POSIX Message Queue File System.
[    5.509922] systemd[1]: Mounted Huge Pages File System.
[[0;32m  OK  [0m] Mounted Huge Pages File System.
[    5.512198] systemd[1]: Started Create list of required static device nodes for the current kernel.
[[0;32m  OK  [0m] Started Create list of required sta...ce nodes for the current kernel.
[    5.517488] systemd[1]: Started Uncomplicated firewall.
[[0;32m  OK  [0m] Started Uncomplicated firewall.
[    5.521869] systemd[1]: Started Remount Root and Kernel File Systems.
[[0;32m  OK  [0m] Started Remount Root and Kernel File Systems.
[    5.531165] systemd[1]: Started Nameserver information manager.
[[0;32m  OK  [0m] Started Nameserver information manager.
[    5.535373] systemd[1]: Started Journal Service.
[[0;32m  OK  [[    5.536713] iscsi: registered transport (iser)
0m] Started Journal Service.
[[0;32m  OK  [0m] Started Set console keymap.
[[0;32m  OK  [0m] Started Load Kernel Modules.
         Mounting FUSE Control File System...
         Starting Apply Kernel Variables...
[[0;32m  OK  [0m] Started LVM2 metadata daemon.
         Starting udev Coldplug all Devices...
         Starting Flush Journal to Persistent Storage...
         Starting Load/Save Random Seed...
         Starting Create Static Device Nodes in /dev...
[[0;32m  OK  [0m] Mounted FUSE Control File System.
[[0;32m  OK  [0m] Started Apply Kernel Variables.
[[0;32m  OK  [0m] Started Load/Save Random Seed.
[[0;32m  OK  [0m] Started Flush Journal to Persistent Storage.
[[0;32m  OK  [0m] Started Create Static Device Nodes in /dev.
         Starting udev Kernel Device Manager...
[[0;32m  OK  [0m] Started udev Coldplug all Devices.
[[0;32m  OK  [0m] Started udev Kernel Device Manager.
[[0;32m  OK  [0m] Started Dispatch Password Requests to Console Directory Watch.
[[0;32m  OK  [0m] Found device /dev/ttyS0.
[[0;32m  OK  [0m] Listening on Load/Save RF Kill Switch Status /dev/rfkill Watch.
[[0;32m  OK  [0m] Started Monitoring of LVM2 mirrors,...ng dmeventd or progress polling.
[[0;32m  OK  [0m] Reached target Local File Systems (Pre).
[[0;32m  OK  [0m] Reached target Local File Systems.
         Starting LSB: AppArmor initialization...
         Starting Set console font and keymap...
         Starting Tell Plymouth To Write Out Runtime Data...
         Starting Commit a transient machine-id on disk...
         Starting Create Volatile Files and Directories...
         Starting Initial cloud-init job (pre-networking)...
[[0;32m  OK  [0m] Started Create Volatile Files and Directories.
[[0;32m  OK  [0m] Started Tell Plymouth To Write Out Runtime Data.
         Starting Update UTMP about System Boot/Shutdown...
[[0;32m  OK  [0m] Started Commit a transient machine-id on disk.
[[0;32m  OK  [0m] Started Update UTMP about System Boot/Shutdown.
[[0;32m  OK  [0m] Started Set console font and keymap.
[[0;32m  OK  [0m] Created slice system-getty.slice.
[[0;32m  OK  [0m] Started LSB: AppArmor initialization.
[    7.672279] cloud-init[645]: Cloud-init v. 18.5-45-g3554ffe8-0ubuntu1~16.04.1 running 'init-local' at Tue, 09 Jul 2019 22:08:20 +0000. Up 7.44 seconds.
[[0;32m  OK  [0m] Started Initial cloud-init job (pre-networking).
[[0;32m  OK  [0m] Reached target Network (Pre).
         Starting Raise network interfaces...
[[0;32m  OK  [0m] Started Raise network interfaces.
[[0;32m  OK  [0m] Reached target Network.
         Starting Initial cloud-init job (metadata service crawler)...
[    8.557679] cloud-init[958]: Cloud-init v. 18.5-45-g3554ffe8-0ubuntu1~16.04.1 running 'init' at Tue, 09 Jul 2019 22:08:20 +0000. Up 8.10 seconds.
[    8.564674] cloud-init[958]: ci-info: ++++++++++++++++++++++++++++++++++++++Net device info+++++++++++++++++++++++++++++++++++++++
[    8.566577] cloud-init[958]: ci-info: +--------+-------+----------------------------+---------------+--------+-------------------+
[    8.576295] cloud-init[958]: ci-info: | Device |   Up  |          Address           |      Mask     | Scope  |     Hw-Address    |
[    8.578010] cloud-init[958]: ci-info: +--------+-------+----------------------------+---------------+--------+-------------------+
[    8.580681] cloud-init[958]: ci-info: | enp0s3 |  True |         10.0.2.15          | 255.255.255.0 | global | 02:6d:cd:79:6e:19 |
[    8.582904] cloud-init[958]: ci-info: | enp0s3 |  True | fe80::6d:cdff:fe79:6e19/64 |       .       |  link  | 02:6d:cd:79:6e:19 |
[    8.585265] cloud-init[958]: ci-info: | enp0s8 | False |             .              |       .       |   .    | 08:00:27:b7:95:cf |
[    8.589220] cloud-init[958]: ci-info: |   lo   |  True |         127.0.0.1          |   255.0.0.0   |  host  |         .         |
[    8.590706] cloud-init[958]: ci-info: |   lo   |  True |          ::1/128           |       .       |  host  |         .         |
[    8.592130] cloud-init[958]: ci-info: +--------+-------+----------------------------+---------------+--------+-------------------+
[    8.593488] cloud-init[958]: ci-info: +++++++++++++++++++++++++++Route IPv4 info++++++++++++++++++++++++++++
[    8.594667] cloud-init[958]: ci-info: +-------+-------------+----------+---------------+-----------+-------+
[    8.595893] cloud-init[958]: ci-info: | Route | Destination | Gateway  |    Genmask    | Interface | Flags |
[    8.597161] cloud-init[958]: ci-info: +-------+-------------+----------+---------------+-----------+-------+
[    8.604351] cloud-init[958]: ci-info: |   0   |   0.0.0.0   | 10.0.2.2 |    0.0.0.0    |   enp0s3  |   UG  |
[    8.607529] cloud-init[958]: ci-info: |   1   |   10.0.2.0  | 0.0.0.0  | 255.255.255.0 |   enp0s3  |   U   |
[    8.609394] cloud-init[958]: ci-info: +-------+-------------+----------+---------------+-----------+-------+
[    8.610774] cloud-init[958]: ci-info: +++++++++++++++++++Route IPv6 info+++++++++++++++++++
[    8.616338] cloud-init[958]: ci-info: +-------+-------------+---------+-----------+-------+
[    8.618254] cloud-init[958]: ci-info: | Route | Destination | Gateway | Interface | Flags |
[    8.620289] cloud-init[958]: ci-info: +-------+-------------+---------+-----------+-------+
[    8.623011] cloud-init[958]: ci-info: |   0   |  fe80::/64  |    ::   |   enp0s3  |   U   |
[    8.625334] cloud-init[958]: ci-info: |   3   |   ff00::/8  |    ::   |   enp0s3  |   U   |
[    8.626694] cloud-init[958]: ci-info: +-------+-------------+---------+-----------+-------+
[    8.627907] cloud-init[958]: Generating public/private rsa key pair.
[    8.636775] cloud-init[958]: Your identification has been saved in /etc/ssh/ssh_host_rsa_key.
[    8.636990] cloud-init[958]: Your public key has been saved in /etc/ssh/ssh_host_rsa_key.pub.
[    8.637052] cloud-init[958]: The key fingerprint is:
[    8.637479] cloud-init[958]: SHA256:Nr444Eo7+L/rPglCCfojx3EwtOAeb3oW9fNMLjO5JuY root@ubuntu-xenial
[    8.637837] cloud-init[958]: The key's randomart image is:
[    8.638311] cloud-init[958]: +---[RSA 2048]----+
[    8.638969] cloud-init[958]: |...              |
[    8.639374] cloud-init[958]: |o.o.             |
[    8.639693] cloud-init[958]: |oooo .           |
[    8.640564] cloud-init[958]: |oo+ o .          |
[    8.641212] cloud-init[958]: |.+ *   oS.       |
[    8.641432] cloud-init[958]: |o O o  oB.       |
[    8.641549] cloud-init[958]: | *.* o =.+       |
[    8.641781] cloud-init[958]: |..+.+o.o=.       |
[    8.642786] cloud-init[958]: | .+*OE+o.        |
[    8.643464] cloud-init[958]: +----[SHA256]-----+
[    8.643687] cloud-init[958]: Generating public/private dsa key pair.
[    8.643767] cloud-init[958]: Your identification has been saved in /etc/ssh/ssh_host_dsa_key.
[    8.643889] cloud-init[958]: Your public key has been saved in /etc/ssh/ssh_host_dsa_key.pub.
[    8.644315] cloud-init[958]: The key fingerprint is:
[    8.644798] cloud-init[958]: SHA256:gSTKnjy8mlwyInDVCbBg/XHEMd08rcr5s6k0vf+OXYw root@ubuntu-xenial
[    8.644920] cloud-init[958]: The key's randomart image is:
[    8.645416] cloud-init[958]: +---[DSA 1024]----+
[    8.645552] cloud-init[958]: |..o.o ++o o .    |
[    8.645973] cloud-init[958]: |.o + * =.. + .   |
[    8.646329] cloud-init[958]: |  + o * .   o    |
[    8.646808] cloud-init[958]: | + o .   . .     |
[    8.647189] cloud-init[958]: |. B     S o      |
[    8.647580] cloud-init[958]: |.. o     +.    o |
[    8.648070] cloud-init[958]: |oo..     o..  E o|
[    8.648274] cloud-init[958]: |+o+     . .oo o .|
[    8.648990] cloud-init[958]: |o.       ..++oo+ |
[    8.650823] cloud-init[958]: +----[SHA256]-----+
[    8.651095] cloud-init[958]: Generating public/private ecdsa key pair.
[    8.651168] cloud-init[958]: Your identification has been saved in /etc/ssh/ssh_host_ecdsa_key.
[[0;32m  OK  [0m] Started Initial cloud-init job (metadata service crawler).
[    8.651234] cloud-init[958]: Your public key has been saved in /etc/ssh/ssh_host_ecdsa_key.pub.
[    8.664514] cloud-init[958]: The key fingerprint is:
[[0;32m  OK  [0m] Reached target System Initialization.
[    8.664798] cloud-init[958]: SHA256:CLnHac86RjtafJ552om8eVm2jwQ9AWrHP2nOoWbk76A root@ubuntu-xenial
[    8.668233] cloud-init[958]: The key's randomart image is:
[[    8.668486] [0;32m  OK  [0mcloud-init] [958]: Started Daily apt download activities.+---[ECDSA 256]---+

[[    8.668551] [0;32m  OK  [0mcloud-init] [958]: Started Daily apt upgrade and clean activities.|          .      |

[    8.676224] cloud-init[958]: |     .   o .     |
[    8.676512] [cloud-init[0;32m  OK  [0m[958]: ] |    o   o o .    |Listening on UUID daemon activation socket.

[    8.676556] cloud-init[958]: |     + + . o o   |
[    8.684597] cloud-init[958]: |    . * S o O    |
[    8.684853] cloud-init[958]: [|     +.o o *o+   |[0;32m  OK  [0m
] Started ACPI Events Check.
[    8.684910] cloud-init[958]: |     .o.+ *++.   |
[    8.687195] cloud-init[958]: |     .== X+=..   |
[[0;32m  OK  [0m] Reached target Paths.
[    8.687327] cloud-init[958]: |    .o.oE=o.+..  |
[    8.696294] cloud-init[958]: +----[SHA256]-----+
[    8.697986] cloud-init[958]: Generating public/private ed25519 key pair.         Starting LXD - unix socket.
[[0;32m  OK  [0m] Listening on ACPID Listen Socket.
[    8.704730] cloud-init[958]: Your identification has been saved in /etc/ssh/ssh_host_ed25519_key.
[    8.706826] cloud-init[958]: Your public key has been saved in /etc/ssh/ssh_host_ed25519_key.pub.
         Starting Socket activation for snappy daemon.
[[0;32m  OK  [0m] Listening on D-Bus System Message Bus Socket.
[[0;32m  OK  [0m] Started Daily Cleanup of Temporary Directories.
[[0;32m  OK  [0m] Reached target Timers.
[[0;32m  OK  [0m] Reached target Cloud-config availability.
[    8.717466] cloud-init[958]: The key fingerprint is:
[    8.718932] cloud-init[958]: SHA256:8iDZpnDRz5J3Np5HFJ4F7XZKHJv+lWj+Gjk/V9f4LWk root@ubuntu-xenial
[    8.721656] cloud-init[958]: The key's randomart image is:
[    8.723044] cloud-init[958]: +--[ED25519 256]--+
[[0;32m  OK  [0m] Reached target Network is Online.

[    8.726636] cloud-init[958]: |            oo.  |
[    8.728493] cloud-init[958]: |     .     . +o  |
[    8.730325] cloud-init[958]: |    . .     +o + |
[    8.732144] cloud-init[958]: |     + +   .  B .|
         Starting iSCSI initiator daemon (iscsid)...
[[0;32m  OK  [0m] Listening on LXD - unix socket.
[[0;32m  OK  [0m] Listening on Socket activation for snappy daemon.
[[0;32m  OK  [0m] Reached target Sockets.
[[0;32m  OK  [0m] Reached target Basic System.
         Starting System Logging Service...
[    8.735555] cloud-init[958]: |  . + B S + .+.+o|[[0;32m  OK  [0m] Started Regular background program processing daemon.
[[0;32m  OK  [0m] Started Deferred execution scheduler.

[    8.754375] cloud-init[958]: |   o + * + + o=.=|
[    8.756873] [[0;32m  OK  [0m] Started ACPI event daemon.
cloud-init[958]: |    .   . o ++ +=|
[    8.760997]          cloud-initStarting Snappy daemon...[958]: 
|           . .E.=|
[    8.776429]          cloud-initStarting Login Service...[958]: 
|             oo+o|
[[0;32m  OK  [0m] Started D-Bus System Message Bus.
[    8.779532] cloud-init[958]: +----[SHA256]-----+
         Starting LSB: MD monitoring daemon...
         Starting Pollinate to seed the pseudo random number generator...
         Starting /etc/rc.local Compatibility...
         Starting Virtualbox guest utils...
         Starting Accounts Service...
[[0;32m  OK  [0m] Started FUSE filesystem for LXC.
         Starting LSB: Record successful boot for GRUB...
         Starting LXD - container startup/shutdown...
[[0;32m  OK  [0m] Started System Logging Service.
[[0;32m  OK  [0m] Started /etc/rc.local Compatibility.
[[0;32m  OK  [0m] Started iSCSI initiator daemon (iscsid).
         Starting Login to default iSCSI targets...
[[0;32m  OK  [0m] Started Login Service.
[[0;32m  OK  [0m] Started Unattended Upgrades Shutdown.
[[0;32m  OK  [0m] Started LSB: MD monitoring daemon.
[[0;32m  OK  [0m] Started LSB: Record successful boot for GRUB.
[[0;32m  OK  [0m] Started Login to default iSCSI targets.
[[0;32m  OK  [0m] Reached target Remote File Systems (Pre).
[[0;32m  OK  [0m] Reached target Remote File Systems.
         Starting LSB: automatic crash report generation...
         Starting LSB: daemon to balance interrupts for SMP systems...
         Starting Permit User Sessions...
         Starting LSB: Set the CPU Frequency Scaling governor to "ondemand"...
[[0;32m  OK  [0m] Started Permit User Sessions.
         Starting Authenticate and Authorize Users to Run Privileged Tasks...
         Starting Terminate Plymouth Boot Screen...
         Starting Hold until boot process finishes up...
[[0;32m  OK  [0m] Started Snappy daemon.
[[0;32m  OK  [0m] Started LSB: automatic crash report generation.
[[0;32m  OK  [0m] Started LSB: Set the CPU Frequency Scaling governor to "ondemand".
[[0;32m  OK  [0m] Started Hold until boot process finishes up.
[[0;32m  OK  [0m] Started Terminate Plymouth Boot Screen.
[[0;32m  OK  [0m] Started LSB: daemon to balance interrupts for SMP systems.
[[0;32m  OK  [0m] Started LXD - container startup/shutdown.
[[0;32m  OK  [0m] Started Virtualbox guest utils.
[[0;32m  OK  [0m] Started Authenticate and Authorize Users to Run Privileged Tasks.
[[0;32m  OK  [0m] Started Accounts Service.
[[0;32m  OK  [0m] Started Getty on tty1.
[[0;32m  OK  [0m] Started Serial Getty on ttyS0.
[[0;32m  OK  [0m] Reached target Login Prompts.
         Starting Set console scheme...
         Starting Wait until snapd is fully seeded...
[[0;32m  OK  [0m] Started Set console scheme.
[[0;32m  OK  [0m] Started Pollinate to seed the pseudo random number generator.
         Starting OpenBSD Secure Shell server...
[[0;32m  OK  [0m] Started OpenBSD Secure Shell server.
[[0;32m  OK  [0m] Started Wait until snapd is fully seeded.
         Starting Apply the settings specified in cloud-config...
[[0;32m  OK  [0m] Reached target Multi-User System.
[[0;32m  OK  [0m] Reached target Graphical Interface.
         Starting Update UTMP about System Runlevel Changes...
[[0;32m  OK  [0m] Started Update UTMP about System Runlevel Changes.
[   11.998069] cloud-init[1293]: Generating locales (this might take a while)...
[[0;32m  OK  [0m] Created slice User Slice of vagrant.
         Starting User Manager for UID 1000...
[[0;32m  OK  [0m] Started User Manager for UID 1000.
[[0;32m  OK  [0m] Started Session 1 of user vagrant.
[   12.918213] cloud-init[1293]:   en_US.UTF-8... done
[   12.919254] cloud-init[1293]: Generation complete.
[   13.217762] cloud-init[1293]: Cloud-init v. 18.5-45-g3554ffe8-0ubuntu1~16.04.1 running 'modules:config' at Tue, 09 Jul 2019 22:08:24 +0000. Up 11.91 seconds.
[[0;32m  OK  [0m] Started Apply the settings specified in cloud-config.
         Starting Execute cloud user/final scripts...
ci-info: no authorized ssh keys fingerprints found for user ubuntu.
<14>Jul  9 22:08:26 ec2: 
<14>Jul  9 22:08:26 ec2: #############################################################
<14>Jul  9 22:08:26 ec2: -----BEGIN SSH HOST KEY FINGERPRINTS-----
<14>Jul  9 22:08:26 ec2: 1024 SHA256:gSTKnjy8mlwyInDVCbBg/XHEMd08rcr5s6k0vf+OXYw root@ubuntu-xenial (DSA)
<14>Jul  9 22:08:26 ec2: 256 SHA256:CLnHac86RjtafJ552om8eVm2jwQ9AWrHP2nOoWbk76A root@ubuntu-xenial (ECDSA)
<14>Jul  9 22:08:26 ec2: 256 SHA256:8iDZpnDRz5J3Np5HFJ4F7XZKHJv+lWj+Gjk/V9f4LWk root@ubuntu-xenial (ED25519)
<14>Jul  9 22:08:26 ec2: 2048 SHA256:Nr444Eo7+L/rPglCCfojx3EwtOAeb3oW9fNMLjO5JuY root@ubuntu-xenial (RSA)
<14>Jul  9 22:08:26 ec2: -----END SSH HOST KEY FINGERPRINTS-----
<14>Jul  9 22:08:26 ec2: #############################################################
-----BEGIN SSH HOST KEY KEYS-----
ecdsa-sha2-nistp256 AAAAE2VjZHNhLXNoYTItbmlzdHAyNTYAAAAIbmlzdHAyNTYAAABBBHSNQk+f+FzirD1z7OQP/c7phNe2Z/Tf4v/vNdAzNWzqh03S77pVHYZ0V9GHPZpYcYKbYXK+XS/jGk2TLkAwsgg= root@ubuntu-xenial
ssh-ed25519 AAAAC3NzaC1lZDI1NTE5AAAAIBwAZoVhmc5pskeFHs/ez7hORbjqrQUzUqwIIOz28ZzX root@ubuntu-xenial
ssh-rsa AAAAB3NzaC1yc2EAAAADAQABAAABAQDRDZ2lks6aX8b6Jy8WDrGWe5sPewCMNLx4ryQbVkRP4B+g7dCRLXUOJCXAVh4vphB9eHPRyOzYJ4TBDwJ2W+voB2khwrTd1TtuAlOBPsqL8HoQjo9NceD+vghisWnjufSWbVyA9XrAUzvihlxbKzqcWKT0ucjCQjpEAiLLB84PbdeM/gCbSTdH1ibrDc/eJUb1wojetPPh+3EMoWe2Q490RYsDi/7rUnKx+cPly9tszOrfYvgKbqgHvWnDOnKAQksSkz2xbew3+NXWOyhWaN+zm7Mcuo0UsZKppRTqXl3ue7GsFKuG4EhgEiotkEeLgE+YigedddlEhhN9UuK/wzPD root@ubuntu-xenial
-----END SSH HOST KEY KEYS-----
[   13.622776] cloud-init[1440]: Cloud-init v. 18.5-45-g3554ffe8-0ubuntu1~16.04.1 running 'modules:final' at Tue, 09 Jul 2019 22:08:26 +0000. Up 13.50 seconds.
[   13.632337] cloud-init[1440]: ci-info: no authorized ssh keys fingerprints found for user ubuntu.
[   13.640639] cloud-init[1440]: Cloud-init v. 18.5-45-g3554ffe8-0ubuntu1~16.04.1 finished at Tue, 09 Jul 2019 22:08:26 +0000. Datasource DataSourceNoCloud [seed=/dev/sdb][dsmode=net].  Up 13.61 seconds
[[0;32m  OK  [0m] Started Execute cloud user/final scripts.
[[0;32m  OK  [0m] Reached target Cloud-init target.

Ubuntu 16.04.6 LTS ubuntu-xenial ttyS0

ubuntu-xenial login: 